---
source: src/template/parse.rs
expression: "parse(\"{gpu_temp} {gpu_usage} | {cpu_temp} {cpu_usage} | {ram_usage} | ↓{dl_speed} ↑{ul_speed}\",)"
---
Template {
    segments: [
        Variable(
            GpuTemp,
        ),
        Literal(
            " ",
        ),
        Variable(
            GpuUsage,
        ),
        Literal(
            " | ",
        ),
        Variable(
            CpuTemp,
        ),
        Literal(
            " ",
        ),
        Variable(
            CpuUsage,
        ),
        Literal(
            " | ",
        ),
        Variable(
            RamUsage,
        ),
        Literal(
            " | ↓",
        ),
        Variable(
            DlSpeed,
        ),
        Literal(
            " ↑",
        ),
        Variable(
            UlSpeed,
        ),
    ],
    requires: {
        "cpu_usage",
        "ram_usage",
        "cpu_temp",
        "gpu_temp",
        "gpu_usage",
        "dl_speed",
        "ul_speed",
    },
}
